2026-06-27 17:50:49,177  INFO      ───────────────────────────────────────────────────────
2026-06-27 17:50:49,178  INFO      Fyers token updater  |  user=Shreyas S S  broker=fyers
2026-06-27 17:50:49,179  INFO      Script dir  : E:\Downloads\AI Codes\openalgo\strategies\SS_Projects\fyers_token\from_claude
2026-06-27 17:50:49,179  INFO      Project root: E:\Downloads\AI Codes\openalgo
2026-06-27 17:50:49,180  INFO      Log file    : E:\Downloads\AI Codes\openalgo\strategies\SS_Projects\fyers_token\from_claude\logs\fyers_token_update.log
2026-06-27 17:50:49,256  INFO      Loaded .env from E:\Downloads\AI Codes\openalgo\.env
2026-06-27 17:50:49,544  INFO      Fernet key derived OK (PBKDF2: API_KEY_PEPPER + FERNET_SALT).
2026-06-27 17:50:49,555  INFO      Opening database: E:\Downloads\AI Codes\openalgo\db\openalgo.db
2026-06-27 17:50:49,648  INFO      Starting Fyers API auth flow …
2026-06-27 17:50:49,649  INFO        client_id    = 1JMMMLSF6O-100
2026-06-27 17:50:49,650  INFO        redirect_uri = http://127.0.0.1:5000/fyers/callback
2026-06-27 17:50:50,252  INFO      Browser opened.
2026-06-27 17:51:26,892  INFO      ───────────────────────────────────────────────────────
2026-06-27 17:51:26,893  INFO      Fyers token updater  |  user=Shreyas S S  broker=fyers
2026-06-27 17:51:26,893  INFO      Script dir  : E:\Downloads\AI Codes\openalgo\strategies\SS_Projects\fyers_token\from_claude
2026-06-27 17:51:26,893  INFO      Project root: E:\Downloads\AI Codes\openalgo\strategies\SS_Projects\fyers_token\from_claude
2026-06-27 17:51:26,894  INFO      Log file    : E:\Downloads\AI Codes\openalgo\strategies\SS_Projects\fyers_token\from_claude\logs\fyers_token_update.log
2026-06-27 17:51:26,905  INFO      Loaded .env from E:\Downloads\AI Codes\openalgo\strategies\SS_Projects\fyers_token\from_claude\.env
2026-06-27 17:51:26,906  ERROR     Encryption setup failed: API_KEY_PEPPER not found in .env
2026-06-27 18:32:24,923  INFO      ───────────────────────────────────────────────────────
2026-06-27 18:32:24,924  INFO      Fyers token updater  |  user=Shreyas S S  broker=fyers
2026-06-27 18:32:24,924  INFO      Script dir  : E:\Downloads\AI Codes\openalgo\strategies\SS_Projects\fyers_token\token_script
2026-06-27 18:32:24,925  INFO      Project root: E:\Downloads\AI Codes\openalgo\strategies\SS_Projects\fyers_token\token_script
2026-06-27 18:32:24,925  INFO      Log file    : E:\Downloads\AI Codes\openalgo\strategies\SS_Projects\fyers_token\token_script\logs\fyers_token_update.log
2026-06-27 18:32:24,932  INFO      Loaded .env from E:\Downloads\AI Codes\openalgo\strategies\SS_Projects\fyers_token\token_script\.env
2026-06-27 18:32:24,933  ERROR     Encryption setup failed: API_KEY_PEPPER not found in .env
2026-06-27 18:37:40,161  INFO      ───────────────────────────────────────────────────────
2026-06-27 18:37:40,162  INFO      Fyers token updater  |  user=Shreyas S S  broker=fyers
2026-06-27 18:37:40,162  INFO      Script dir  : E:\Downloads\AI Codes\openalgo\strategies\SS_Projects\fyers_token\token_script
2026-06-27 18:37:40,163  INFO      Project root: E:\Downloads\AI Codes\openalgo\strategies\SS_Projects\fyers_token\token_script
2026-06-27 18:37:40,163  INFO      Log file    : E:\Downloads\AI Codes\openalgo\strategies\SS_Projects\fyers_token\token_script\logs\fyers_token_update.log
2026-06-27 18:37:40,170  INFO      Loaded .env from E:\Downloads\AI Codes\openalgo\strategies\SS_Projects\fyers_token\token_script\.env
2026-06-27 18:37:40,319  INFO      Fernet key derived OK (PBKDF2: API_KEY_PEPPER + FERNET_SALT).
2026-06-27 18:37:40,320  ERROR     DB error: Database not found: E:\Downloads\AI Codes\openalgo\strategies\SS_Projects\fyers_token\token_script\db\openalgo.db
Run OpenAlgo and log in at least once to create it.
2026-06-27 18:47:26,660  INFO      ───────────────────────────────────────────────────────
2026-06-27 18:47:26,661  INFO      Fyers token updater  |  user=Shreyas S S  broker=fyers
2026-06-27 18:47:26,661  INFO      Script dir  : E:\Downloads\AI Codes\openalgo\strategies\SS_Projects\fyers_token\token_script
2026-06-27 18:47:26,662  INFO      Project root: E:\Downloads\AI Codes\openalgo\strategies\SS_Projects\fyers_token\token_script
2026-06-27 18:47:26,662  INFO      Platform root: E:\Downloads\AI Codes\openalgo
2026-06-27 18:47:26,663  INFO      Log file    : E:\Downloads\AI Codes\openalgo\strategies\SS_Projects\fyers_token\token_script\logs\fyers_token_update.log
2026-06-27 18:47:26,671  INFO      Loaded .env from E:\Downloads\AI Codes\openalgo\strategies\SS_Projects\fyers_token\token_script\.env
2026-06-27 18:47:26,795  INFO      Fernet key derived OK (PBKDF2: API_KEY_PEPPER + FERNET_SALT).
2026-06-27 18:47:26,797  INFO      Opening database: E:\Downloads\AI Codes\openalgo\db\openalgo.db
2026-06-27 18:47:26,837  INFO      Starting Fyers API auth flow …
2026-06-27 18:47:26,838  INFO        client_id    = 1JMMMLSF6O-100
2026-06-27 18:47:26,838  INFO        redirect_uri = http://127.0.0.1:5000/fyers/callback
2026-06-27 18:47:27,194  INFO      Browser opened.
2026-06-27 18:59:47,583  INFO      ───────────────────────────────────────────────────────
2026-06-27 18:59:47,583  INFO      Fyers token updater  |  user=Shreyas S S  broker=fyers
2026-06-27 18:59:47,584  INFO      Script dir  : E:\Downloads\AI Codes\openalgo\strategies\SS_Projects\fyers_token\token_script
2026-06-27 18:59:47,586  INFO      Project root: E:\Downloads\AI Codes\openalgo\strategies\SS_Projects\fyers_token\token_script
2026-06-27 18:59:47,586  INFO      Platform root: E:\Downloads\AI Codes\openalgo
2026-06-27 18:59:47,586  INFO      Log file    : E:\Downloads\AI Codes\openalgo\strategies\SS_Projects\fyers_token\token_script\logs\fyers_token_update.log
2026-06-27 18:59:47,595  INFO      Loaded .env from E:\Downloads\AI Codes\openalgo\strategies\SS_Projects\fyers_token\token_script\.env
2026-06-27 18:59:47,738  INFO      Fernet key derived OK (PBKDF2: API_KEY_PEPPER + FERNET_SALT).
2026-06-27 18:59:47,739  INFO      Opening database: E:\Downloads\AI Codes\openalgo\db\openalgo.db
2026-06-27 18:59:47,743  INFO      Starting Fyers API auth flow …
2026-06-27 18:59:47,743  INFO        client_id    = 1JMMMLSF6O-100
2026-06-27 18:59:47,743  INFO        redirect_uri = http://127.0.0.1:5000/fyers/callback
2026-06-27 18:59:48,446  INFO      Browser opened.
2026-06-27 19:00:03,769  INFO      Successfully extracted auth_code (len=601)
2026-06-27 19:00:04,688  INFO      Fyers token response: {'access_token': 'eyJhbGciOiJIUzI1NiIsInR5cCI6IkpXVCJ9.eyJhdWQiOlsiZDoxIiwiZDoyIiwieDowIiwieDoxIiwieDoyIl0sImF0X2hhc2giOiJnQUFBQUFCcVA5QmRRaDdodVQ2eHNiTmgtRHIwWURUT2pvamg2aGpSOHFkcmo4M0U5VUx2RENKNjBPcFJOMHpWcE9pNDEwRXZ0QVJzQjVwQ0N6MlRnZV9yaXpFV0JyT2YyMEJXLWE2MjFZenpyUWJKRklDTFYxND0iLCJkaXNwbGF5X25hbWUiOiIiLCJvbXMiOiJLMSIsImhzbV9rZXkiOiJmZjMxMTEyM2EwZjMyMjlkYTMzZThiNjZlZTE2OTU5YjQ2MmE3YzEwZTYyNjJhNmFlMDMwODljMSIsImlzRGRwaUVuYWJsZWQiOiJZIiwiaXNNdGZFbmFibGVkIjoiWSIsImZ5X2lkIjoiRkFINTI3MzQiLCJhcHBUeXBlIjoxMDAsImV4cCI6MTc4MjYwNjYwMCwiaWF0IjoxNzgyNTY3MDA1LCJpc3MiOiJhcGkuZnllcnMuaW4iLCJuYmYiOjE3ODI1NjcwMDUsInN1YiI6ImFjY2Vzc190b2tlbiJ9.hMs-jjU2MOvxRvepv8Mro1H5d6gCslyMha7kmnEFAOY', 'code': 200, 'message': '', 'refresh_token': 'eyJhbGciOiJIUzI1NiIsInR5cCI6IkpXVCJ9.eyJhdWQiOlsiZDoxIiwiZDoyIiwieDowIiwieDoxIiwieDoyIl0sImF0X2hhc2giOiJnQUFBQUFCcVA5QmRRaDdodVQ2eHNiTmgtRHIwWURUT2pvamg2aGpSOHFkcmo4M0U5VUx2RENKNjBPcFJOMHpWcE9pNDEwRXZ0QVJzQjVwQ0N6MlRnZV9yaXpFV0JyT2YyMEJXLWE2MjFZenpyUWJKRklDTFYxND0iLCJkaXNwbGF5X25hbWUiOiIiLCJvbXMiOiJLMSIsImhzbV9rZXkiOiJmZjMxMTEyM2EwZjMyMjlkYTMzZThiNjZlZTE2OTU5YjQ2MmE3YzEwZTYyNjJhNmFlMDMwODljMSIsImlzRGRwaUVuYWJsZWQiOiJZIiwiaXNNdGZFbmFibGVkIjoiWSIsImZ5X2lkIjoiRkFINTI3MzQiLCJhcHBUeXBlIjoxMDAsImV4cCI6MTc4MzgxNjIwMCwiaWF0IjoxNzgyNTY3MDA1LCJpc3MiOiJhcGkuZnllcnMuaW4iLCJuYmYiOjE3ODI1NjcwMDUsInN1YiI6InJlZnJlc2hfdG9rZW4ifQ.dPE8HQukNud20uoCfxG46NGcd6peuMSIiSYBVtzSmVs', 's': 'ok'}
2026-06-27 19:00:04,689  INFO      Access token obtained via Fyers API ✓
2026-06-27 19:00:04,690  INFO      refresh_token saved to .env.
2026-06-27 19:00:04,690  INFO      Token length=661  prefix=eyJhbGciOiJI…
2026-06-27 19:00:04,693  INFO      Token encrypted OK (ciphertext len=972).
2026-06-27 19:00:04,698  INFO      Found existing row: id=1  name='Shreyas S S'  broker='fyers'
2026-06-27 19:00:04,702  INFO      Token currently in DB: prefix=eyJhbGciOiJI…  len=661
2026-06-27 19:00:04,708  INFO      Found existing row: id=1  name='Shreyas S S'  broker='fyers'
2026-06-27 19:00:04,899  INFO      Updated auth row id=1 (broker set to fyers, is_revoked reset to 0).
2026-06-27 19:00:04,912  INFO      Found existing row: id=1  name='Shreyas S S'  broker='fyers'
2026-06-27 19:00:04,921  INFO      ✓ Verification passed.
2026-06-27 19:00:04,926  INFO      Found existing row: id=1  name='Shreyas S S'  broker='fyers'
2026-06-27 19:00:04,929  INFO      ✓ Round-trip decrypt OK — token is readable by OpenAlgo.
2026-06-27 19:00:08,944  INFO      Cache sentinel written. Restart OpenAlgo for the new token to take effect.
2026-06-27 19:00:08,944  INFO      ═══════════════════════════════════════════════════════
2026-06-27 19:00:08,945  INFO      Token updated successfully at 2026-06-27 19:00:08
2026-06-27 19:00:08,945  INFO      ═══════════════════════════════════════════════════════
2026-06-27 19:08:18,870  INFO      ───────────────────────────────────────────────────────
2026-06-27 19:08:18,870  INFO      Fyers token updater  |  user=Shreyas S S  broker=fyers
2026-06-27 19:08:18,870  INFO      Script dir  : E:\Downloads\AI Codes\openalgo\strategies\SS_Projects\fyers_token\token_script
2026-06-27 19:08:18,871  INFO      Project root: E:\Downloads\AI Codes\openalgo\strategies\SS_Projects\fyers_token\token_script
2026-06-27 19:08:18,871  INFO      Platform root: E:\Downloads\AI Codes\openalgo
2026-06-27 19:08:18,871  INFO      Log file    : E:\Downloads\AI Codes\openalgo\strategies\SS_Projects\fyers_token\token_script\logs\fyers_token_update.log
2026-06-27 19:08:18,871  WARNING   .env not found at E:\Downloads\AI Codes\openalgo\strategies\SS_Projects\fyers_token\token_script\.env — using OS environment
2026-06-27 19:08:18,871  ERROR     Encryption setup failed: cryptography package required: uv add cryptography
2026-06-27 19:08:32,474  INFO      ───────────────────────────────────────────────────────
2026-06-27 19:08:32,474  INFO      Fyers token updater  |  user=Shreyas S S  broker=fyers
2026-06-27 19:08:32,475  INFO      Script dir  : E:\Downloads\AI Codes\openalgo\strategies\SS_Projects\fyers_token\token_script
2026-06-27 19:08:32,475  INFO      Project root: E:\Downloads\AI Codes\openalgo\strategies\SS_Projects\fyers_token\token_script
2026-06-27 19:08:32,475  INFO      Platform root: E:\Downloads\AI Codes\openalgo
2026-06-27 19:08:32,475  INFO      Log file    : E:\Downloads\AI Codes\openalgo\strategies\SS_Projects\fyers_token\token_script\logs\fyers_token_update.log
2026-06-27 19:08:32,485  INFO      Loaded .env from E:\Downloads\AI Codes\openalgo\strategies\SS_Projects\fyers_token\token_script\.env
2026-06-27 19:08:32,622  INFO      Fernet key derived OK (PBKDF2: API_KEY_PEPPER + FERNET_SALT).
2026-06-27 19:08:32,623  INFO      Opening database: E:\Downloads\AI Codes\openalgo\db\openalgo.db
2026-06-27 19:08:32,633  INFO      Found existing row: id=1  name='Shreyas S S'  broker='fyers'
2026-06-27 19:08:41,444  INFO      ───────────────────────────────────────────────────────
2026-06-27 19:08:41,445  INFO      Fyers token updater  |  user=Shreyas S S  broker=fyers
2026-06-27 19:08:41,445  INFO      Script dir  : E:\Downloads\AI Codes\openalgo\strategies\SS_Projects\fyers_token\token_script
2026-06-27 19:08:41,446  INFO      Project root: E:\Downloads\AI Codes\openalgo\strategies\SS_Projects\fyers_token\token_script
2026-06-27 19:08:41,446  INFO      Platform root: E:\Downloads\AI Codes\openalgo
2026-06-27 19:08:41,446  INFO      Log file    : E:\Downloads\AI Codes\openalgo\strategies\SS_Projects\fyers_token\token_script\logs\fyers_token_update.log
2026-06-27 19:08:41,455  INFO      Loaded .env from E:\Downloads\AI Codes\openalgo\strategies\SS_Projects\fyers_token\token_script\.env
2026-06-27 19:08:41,610  INFO      Fernet key derived OK (PBKDF2: API_KEY_PEPPER + FERNET_SALT).
2026-06-27 19:08:41,611  INFO      Opening database: E:\Downloads\AI Codes\openalgo\db\openalgo.db
2026-06-27 19:08:41,616  ERROR     FYERS_ACCESS_TOKEN env var is empty.
2026-06-27 19:18:46,049  INFO      ───────────────────────────────────────────────────────
2026-06-27 19:18:46,050  INFO      Fyers token updater  |  user=Shreyas S S  broker=fyers
2026-06-27 19:18:46,050  INFO      Script dir  : E:\Downloads\AI Codes\openalgo\strategies\SS_Projects\fyers_token\token_script
2026-06-27 19:18:46,052  INFO      Project root: E:\Downloads\AI Codes\openalgo\strategies\SS_Projects\fyers_token\token_script
2026-06-27 19:18:46,053  INFO      Platform root: E:\Downloads\AI Codes\openalgo
2026-06-27 19:18:46,053  INFO      Log file    : E:\Downloads\AI Codes\openalgo\strategies\SS_Projects\fyers_token\token_script\logs\fyers_token_update.log
2026-06-27 19:18:46,061  INFO      Loaded .env from E:\Downloads\AI Codes\openalgo\strategies\SS_Projects\fyers_token\token_script\.env
2026-06-27 19:18:46,237  INFO      Fernet key derived OK (PBKDF2: API_KEY_PEPPER + FERNET_SALT).
2026-06-27 19:18:46,238  INFO      Opening database: E:\Downloads\AI Codes\openalgo\db\openalgo.db
2026-06-27 19:18:46,245  INFO      Starting Fyers API auth flow …
2026-06-27 19:18:46,257  INFO        client_id    = 1JMMMLSF6O-100
2026-06-27 19:18:46,260  INFO        redirect_uri = http://127.0.0.1:5000/fyers/callback
2026-06-27 19:18:46,294  INFO      Generated TOTP (expires in 14 seconds).
2026-06-27 19:18:46,737  INFO      Browser opened.
2026-06-27 19:21:23,268  INFO      =======================================================
2026-06-27 19:21:23,269  INFO      Fyers token updater  |  user=Shreyas S S  broker=fyers
2026-06-27 19:21:23,270  INFO      Platform root detected at: E:\Downloads\AI Codes\openalgo
2026-06-27 19:21:23,270  INFO      Script dir  : E:\Downloads\AI Codes\openalgo\strategies\SS_Projects\fyers_token\token_script
2026-06-27 19:21:23,271  INFO      Project root: E:\Downloads\AI Codes\openalgo\strategies\SS_Projects\fyers_token\token_script
2026-06-27 19:21:23,271  INFO      Platform root: E:\Downloads\AI Codes\openalgo
2026-06-27 19:21:23,272  INFO      Log file    : E:\Downloads\AI Codes\openalgo\strategies\SS_Projects\fyers_token\token_script\logs\fyers_token_update.log
2026-06-27 19:21:23,272  INFO      =======================================================
2026-06-27 19:21:23,281  INFO      Loaded .env from E:\Downloads\AI Codes\openalgo\strategies\SS_Projects\fyers_token\token_script\.env
2026-06-27 19:21:23,462  INFO      Fernet key derived OK (PBKDF2: API_KEY_PEPPER + FERNET_SALT).
2026-06-27 19:21:23,466  INFO      Opening database: E:\Downloads\AI Codes\openalgo\db\openalgo.db
2026-06-27 19:21:23,480  INFO      Starting Fyers API auth flow …
2026-06-27 19:21:23,486  INFO        client_id    = 1JMMMLSF6O-100
2026-06-27 19:21:23,490  INFO        redirect_uri = http://127.0.0.1:5000/fyers/callback
2026-06-27 19:21:23,509  INFO      Generated TOTP (expires in 7 seconds).
2026-06-27 19:21:24,153  INFO      Browser opened.
2026-06-27 19:21:24,156  ERROR     No URL provided.
2026-06-27 19:21:24,156  ERROR     Token acquisition failed. Try --manual as a fallback.
2026-06-27 19:22:03,594  INFO      ====================================================================================================
2026-06-27 19:22:03,600  INFO      Fyers token updater  |  user=Shreyas S S  broker=fyers
2026-06-27 19:22:03,602  INFO      Platform root detected at: E:\Downloads\AI Codes\openalgo
2026-06-27 19:22:03,602  INFO      Script dir  : E:\Downloads\AI Codes\openalgo\strategies\SS_Projects\fyers_token\token_script
2026-06-27 19:22:03,604  INFO      Project root: E:\Downloads\AI Codes\openalgo\strategies\SS_Projects\fyers_token\token_script
2026-06-27 19:22:03,605  INFO      Platform root: E:\Downloads\AI Codes\openalgo
2026-06-27 19:22:03,606  INFO      Log file    : E:\Downloads\AI Codes\openalgo\strategies\SS_Projects\fyers_token\token_script\logs\fyers_token_update.log
2026-06-27 19:22:03,606  INFO      ====================================================================================================
2026-06-27 19:22:03,621  INFO      Loaded .env from E:\Downloads\AI Codes\openalgo\strategies\SS_Projects\fyers_token\token_script\.env
2026-06-27 19:22:03,787  INFO      Fernet key derived OK (PBKDF2: API_KEY_PEPPER + FERNET_SALT).
2026-06-27 19:22:03,788  INFO      Opening database: E:\Downloads\AI Codes\openalgo\db\openalgo.db
2026-06-27 19:22:03,792  INFO      Starting Fyers API auth flow …
2026-06-27 19:22:03,792  INFO        client_id    = 1JMMMLSF6O-100
2026-06-27 19:22:03,793  INFO        redirect_uri = http://127.0.0.1:5000/fyers/callback
2026-06-27 19:22:03,796  INFO      Generated TOTP (expires in 27 seconds).
2026-06-27 19:22:04,457  INFO      Browser opened.
2026-06-27 19:23:29,064  INFO      ================================================================================
2026-06-27 19:23:29,065  INFO      Fyers token updater  |  user=Shreyas S S  broker=fyers
2026-06-27 19:23:29,065  INFO      Platform root detected at: E:\Downloads\AI Codes\openalgo
2026-06-27 19:23:29,066  INFO      Script dir  : E:\Downloads\AI Codes\openalgo\strategies\SS_Projects\fyers_token\token_script
2026-06-27 19:23:29,066  INFO      Project root: E:\Downloads\AI Codes\openalgo\strategies\SS_Projects\fyers_token\token_script
2026-06-27 19:23:29,067  INFO      Platform root: E:\Downloads\AI Codes\openalgo
2026-06-27 19:23:29,067  INFO      Log file    : E:\Downloads\AI Codes\openalgo\strategies\SS_Projects\fyers_token\token_script\logs\fyers_token_update.log
2026-06-27 19:23:29,068  INFO      ================================================================================
2026-06-27 19:23:29,081  INFO      Loaded .env from E:\Downloads\AI Codes\openalgo\strategies\SS_Projects\fyers_token\token_script\.env
2026-06-27 19:23:29,227  INFO      Fernet key derived OK (PBKDF2: API_KEY_PEPPER + FERNET_SALT).
2026-06-27 19:23:29,228  INFO      Opening database: E:\Downloads\AI Codes\openalgo\db\openalgo.db
2026-06-27 19:23:29,234  INFO      Starting Fyers API auth flow …
2026-06-27 19:23:29,235  INFO        client_id    = 1JMMMLSF6O-100
2026-06-27 19:23:29,235  INFO        redirect_uri = http://127.0.0.1:5000/fyers/callback
2026-06-27 19:23:29,237  INFO      Generated TOTP (expires in 1 seconds).
2026-06-27 19:23:29,688  INFO      Browser opened.
2026-06-27 19:26:08,282  INFO      ================================================================================
2026-06-27 19:26:08,282  INFO      Fyers token updater  |  user=Shreyas S S  broker=fyers
2026-06-27 19:26:08,283  INFO      Platform root detected at: E:\Downloads\AI Codes\openalgo
2026-06-27 19:26:08,283  INFO      Script dir  : E:\Downloads\AI Codes\openalgo\strategies\SS_Projects\fyers_token\token_script
2026-06-27 19:26:08,284  INFO      Project root: E:\Downloads\AI Codes\openalgo\strategies\SS_Projects\fyers_token\token_script
2026-06-27 19:26:08,284  INFO      Platform root: E:\Downloads\AI Codes\openalgo
2026-06-27 19:26:08,284  INFO      Log file    : E:\Downloads\AI Codes\openalgo\strategies\SS_Projects\fyers_token\token_script\logs\fyers_token_update.log
2026-06-27 19:26:08,284  INFO      ================================================================================
2026-06-27 19:26:08,296  INFO      Loaded .env from E:\Downloads\AI Codes\openalgo\strategies\SS_Projects\fyers_token\token_script\.env
2026-06-27 19:26:08,441  INFO      Fernet key derived OK (PBKDF2: API_KEY_PEPPER + FERNET_SALT).
2026-06-27 19:26:08,442  INFO      Opening database: E:\Downloads\AI Codes\openalgo\db\openalgo.db
2026-06-27 19:26:08,446  INFO      Starting Fyers API auth flow …
2026-06-27 19:26:08,446  INFO        client_id    = 1JMMMLSF6O-100
2026-06-27 19:26:08,447  INFO        redirect_uri = http://127.0.0.1:5000/fyers/callback
2026-06-27 19:26:08,450  INFO      Generated TOTP (expires in 22 seconds).
2026-06-27 19:26:08,922  INFO      Browser opened.
2026-06-27 19:26:28,306  INFO      Successfully extracted auth_code (len=601)
2026-06-27 19:26:29,369  INFO      Fyers token response: {'access_token': 'eyJhbGciOiJIUzI1NiIsInR5cCI6IkpXVCJ9.eyJhdWQiOlsiZDoxIiwiZDoyIiwieDowIiwieDoxIiwieDoyIl0sImF0X2hhc2giOiJnQUFBQUFCcVA5YU5DTEJ2VVVyWmhNbGkydkt4S0VzUmVkT2dJSHFXR29tZUxPdnZjV2JMeHJ0dnZHNEpPbzF2UERXNEVMenVkNXFRd01kSGRjMW9XS09VelNMbTZRZ3RvbUxXUGhEUzJscU8wVjVwQnZSb2JVOD0iLCJkaXNwbGF5X25hbWUiOiIiLCJvbXMiOiJLMSIsImhzbV9rZXkiOiJmZjMxMTEyM2EwZjMyMjlkYTMzZThiNjZlZTE2OTU5YjQ2MmE3YzEwZTYyNjJhNmFlMDMwODljMSIsImlzRGRwaUVuYWJsZWQiOiJZIiwiaXNNdGZFbmFibGVkIjoiWSIsImZ5X2lkIjoiRkFINTI3MzQiLCJhcHBUeXBlIjoxMDAsImV4cCI6MTc4MjYwNjYwMCwiaWF0IjoxNzgyNTY4NTg5LCJpc3MiOiJhcGkuZnllcnMuaW4iLCJuYmYiOjE3ODI1Njg1ODksInN1YiI6ImFjY2Vzc190b2tlbiJ9.OPVjVwhD8DFk6ZnimUa6UlE0rlFm4Z1FELnT1vM_d_8', 'code': 200, 'message': '', 'refresh_token': 'eyJhbGciOiJIUzI1NiIsInR5cCI6IkpXVCJ9.eyJhdWQiOlsiZDoxIiwiZDoyIiwieDowIiwieDoxIiwieDoyIl0sImF0X2hhc2giOiJnQUFBQUFCcVA5YU5DTEJ2VVVyWmhNbGkydkt4S0VzUmVkT2dJSHFXR29tZUxPdnZjV2JMeHJ0dnZHNEpPbzF2UERXNEVMenVkNXFRd01kSGRjMW9XS09VelNMbTZRZ3RvbUxXUGhEUzJscU8wVjVwQnZSb2JVOD0iLCJkaXNwbGF5X25hbWUiOiIiLCJvbXMiOiJLMSIsImhzbV9rZXkiOiJmZjMxMTEyM2EwZjMyMjlkYTMzZThiNjZlZTE2OTU5YjQ2MmE3YzEwZTYyNjJhNmFlMDMwODljMSIsImlzRGRwaUVuYWJsZWQiOiJZIiwiaXNNdGZFbmFibGVkIjoiWSIsImZ5X2lkIjoiRkFINTI3MzQiLCJhcHBUeXBlIjoxMDAsImV4cCI6MTc4MzgxNjIwMCwiaWF0IjoxNzgyNTY4NTg5LCJpc3MiOiJhcGkuZnllcnMuaW4iLCJuYmYiOjE3ODI1Njg1ODksInN1YiI6InJlZnJlc2hfdG9rZW4ifQ.ab-RTXs8ODrEjwJKpTM3OkS-XlwhLwxAFC-QeBPdxdo', 's': 'ok'}
2026-06-27 19:26:29,370  INFO      Access token obtained via Fyers API ✓
2026-06-27 19:26:29,371  INFO      refresh_token saved to .env.
2026-06-27 19:26:29,372  INFO      Token length=661  prefix=eyJhbGciOiJI…
2026-06-27 19:26:29,374  INFO      Token encrypted OK (ciphertext len=972).
2026-06-27 19:26:29,380  INFO      Found existing row: id=1  name='Shreyas S S'  broker='fyers'
2026-06-27 19:26:29,384  INFO      Token currently in DB: prefix=eyJhbGciOiJI…  len=661
2026-06-27 19:26:29,390  INFO      Found existing row: id=1  name='Shreyas S S'  broker='fyers'
2026-06-27 19:26:29,567  INFO      Updated auth row id=1 (broker set to fyers, is_revoked reset to 0).
2026-06-27 19:26:29,572  INFO      Found existing row: id=1  name='Shreyas S S'  broker='fyers'
2026-06-27 19:26:29,575  INFO      ✓ Verification passed.
2026-06-27 19:26:29,590  INFO      Found existing row: id=1  name='Shreyas S S'  broker='fyers'
2026-06-27 19:26:29,595  INFO      ✓ Round-trip decrypt OK — token is readable by OpenAlgo.
2026-06-27 19:26:33,609  INFO      Cache sentinel written. Restart OpenAlgo for the new token to take effect.
2026-06-27 19:26:33,609  INFO      ═══════════════════════════════════════════════════════
2026-06-27 19:26:33,610  INFO      Token updated successfully at 2026-06-27 19:26:33
2026-06-27 19:26:33,610  INFO      ═══════════════════════════════════════════════════════
2026-06-27 19:34:38,661  INFO      ================================================================================
2026-06-27 19:34:38,662  INFO      Fyers token updater  |  user=Shreyas S S  broker=fyers
2026-06-27 19:34:38,662  INFO      Platform root detected at: E:\Downloads\AI Codes\openalgo
2026-06-27 19:34:38,663  INFO      Script dir  : E:\Downloads\AI Codes\openalgo\strategies\SS_Projects\fyers_token\token_script
2026-06-27 19:34:38,663  INFO      Project root: E:\Downloads\AI Codes\openalgo\strategies\SS_Projects\fyers_token\token_script
2026-06-27 19:34:38,664  INFO      Platform root: E:\Downloads\AI Codes\openalgo
2026-06-27 19:34:38,664  INFO      Log file    : E:\Downloads\AI Codes\openalgo\strategies\SS_Projects\fyers_token\token_script\logs\fyers_token_update.log
2026-06-27 19:34:38,665  INFO      ================================================================================
2026-06-27 19:34:38,682  INFO      Loaded .env from E:\Downloads\AI Codes\openalgo\strategies\SS_Projects\fyers_token\token_script\.env
2026-06-27 19:34:38,890  INFO      Fernet key derived OK (PBKDF2: API_KEY_PEPPER + FERNET_SALT).
2026-06-27 19:34:38,891  INFO      Opening database: E:\Downloads\AI Codes\openalgo\db\openalgo.db
2026-06-27 19:34:38,897  INFO      Starting Fyers API auth flow …
2026-06-27 19:34:38,898  INFO        client_id    = 1JMMMLSF6O-100
2026-06-27 19:34:38,900  INFO        redirect_uri = http://127.0.0.1:5000/fyers/callback
2026-06-27 19:34:38,902  INFO      Generated TOTP (expires in 22 seconds).
2026-06-27 19:34:39,443  INFO      Browser opened.
2026-06-27 19:35:18,906  ERROR     No URL provided.
2026-06-27 19:35:18,907  ERROR     Token acquisition failed. Try --manual as a fallback.
2026-06-30 13:54:12,277  INFO      ================================================================================
2026-06-30 13:54:12,278  INFO      Fyers token updater  |  user=Shreyas S S  broker=fyers
2026-06-30 13:54:12,278  INFO      Platform root detected at: C:\Users\admin\Downloads\ai tools\openalgo_platform\openalgo\strategies\SS_Projects\fyers_token\token_script
2026-06-30 13:54:12,278  INFO      Script dir  : C:\Users\admin\Downloads\ai tools\openalgo_platform\openalgo\strategies\SS_Projects\fyers_token\token_script
2026-06-30 13:54:12,278  INFO      Project root: C:\Users\admin\Downloads\ai tools\openalgo_platform\openalgo\strategies\SS_Projects\fyers_token\token_script
2026-06-30 13:54:12,278  INFO      Platform root: C:\Users\admin\Downloads\ai tools\openalgo_platform\openalgo\strategies\SS_Projects\fyers_token\token_script
2026-06-30 13:54:12,278  INFO      Log file    : C:\Users\admin\Downloads\ai tools\openalgo_platform\openalgo\strategies\SS_Projects\fyers_token\token_script\logs\fyers_token_update.log
2026-06-30 13:54:12,278  INFO      ================================================================================
2026-06-30 13:54:12,280  INFO      Loaded .env from C:\Users\admin\Downloads\ai tools\openalgo_platform\openalgo\strategies\SS_Projects\fyers_token\token_script\.env
2026-06-30 13:54:12,308  INFO      Fernet key derived OK (PBKDF2: API_KEY_PEPPER + FERNET_SALT).
2026-06-30 13:54:12,308  ERROR     DB error: Database not found: C:\Users\admin\Downloads\ai tools\openalgo_platform\openalgo\strategies\SS_Projects\fyers_token\token_script\db\openalgo.db
Run OpenAlgo and log in at least once to create it.
2026-06-30 13:54:48,930  INFO      ================================================================================
2026-06-30 13:54:48,930  INFO      Fyers token updater  |  user=Shreyas S S  broker=fyers
2026-06-30 13:54:48,930  INFO      Platform root detected at: C:\Users\admin\Downloads\ai tools\openalgo_platform\openalgo
2026-06-30 13:54:48,930  INFO      Script dir  : C:\Users\admin\Downloads\ai tools\openalgo_platform\openalgo\strategies\SS_Projects\fyers_token\token_script
2026-06-30 13:54:48,930  INFO      Project root: C:\Users\admin\Downloads\ai tools\openalgo_platform\openalgo\strategies\SS_Projects\fyers_token\token_script
2026-06-30 13:54:48,931  INFO      Platform root: C:\Users\admin\Downloads\ai tools\openalgo_platform\openalgo
2026-06-30 13:54:48,931  INFO      Log file    : C:\Users\admin\Downloads\ai tools\openalgo_platform\openalgo\strategies\SS_Projects\fyers_token\token_script\logs\fyers_token_update.log
2026-06-30 13:54:48,931  INFO      ================================================================================
2026-06-30 13:54:48,932  INFO      Loaded .env from C:\Users\admin\Downloads\ai tools\openalgo_platform\openalgo\strategies\SS_Projects\fyers_token\token_script\.env
2026-06-30 13:54:48,950  INFO      Fernet key derived OK (PBKDF2: API_KEY_PEPPER + FERNET_SALT).
2026-06-30 13:54:48,951  INFO      Opening database: C:\Users\admin\Downloads\ai tools\openalgo_platform\openalgo\db\openalgo.db
2026-06-30 13:54:48,960  INFO      Starting Fyers API auth flow …
2026-06-30 13:54:48,960  INFO        client_id    = 1JMMMLSF6O-100
2026-06-30 13:54:48,961  INFO        redirect_uri = http://127.0.0.1:5000/fyers/callback
2026-06-30 13:54:48,962  INFO      Generated TOTP (expires in 12 seconds).
2026-06-30 13:54:49,103  INFO      Browser opened.
2026-06-30 13:55:08,756  INFO      Successfully extracted auth_code (len=601)
2026-06-30 13:55:09,211  INFO      Fyers token response: {'access_token': 'eyJhbGciOiJIUzI1NiIsInR5cCI6IkpXVCJ9.eyJhdWQiOlsiZDoxIiwiZDoyIiwieDowIiwieDoxIiwieDoyIl0sImF0X2hhc2giOiJnQUFBQUFCcVEzMWtWbmZ6eFB0cG1nVU5ROXF2S3RqTmRQSnFiN2poRmN3VGNneWpsamxONTlDWUJiYWoyZVB5N0p6MXBJdTQ5c1lsYWhneDNlckx4RDhFUlNzSDQtYWg1X09rMmJnOXVGQjdJUzJFMlNSSUlrbz0iLCJkaXNwbGF5X25hbWUiOiIiLCJvbXMiOiJLMSIsImhzbV9rZXkiOiJiZWY0NzVhZGI0ZDM5OWE3ODk3ODAzNGI1ZDYwMzIxMTQ5ZjdlOTU5Y2Y2ZTkyMzA2ZmUzMjI1OSIsImlzRGRwaUVuYWJsZWQiOiJZIiwiaXNNdGZFbmFibGVkIjoiWSIsImZ5X2lkIjoiRkFINTI3MzQiLCJhcHBUeXBlIjoxMDAsImV4cCI6MTc4Mjg2NTgwMCwiaWF0IjoxNzgyODA3OTA4LCJpc3MiOiJhcGkuZnllcnMuaW4iLCJuYmYiOjE3ODI4MDc5MDgsInN1YiI6ImFjY2Vzc190b2tlbiJ9.GI1ZKBjEvCBk-iIYkarHAItA1gM7_qsvF3DlCKdI4JQ', 'code': 200, 'message': '', 'refresh_token': 'eyJhbGciOiJIUzI1NiIsInR5cCI6IkpXVCJ9.eyJhdWQiOlsiZDoxIiwiZDoyIiwieDowIiwieDoxIiwieDoyIl0sImF0X2hhc2giOiJnQUFBQUFCcVEzMWtWbmZ6eFB0cG1nVU5ROXF2S3RqTmRQSnFiN2poRmN3VGNneWpsamxONTlDWUJiYWoyZVB5N0p6MXBJdTQ5c1lsYWhneDNlckx4RDhFUlNzSDQtYWg1X09rMmJnOXVGQjdJUzJFMlNSSUlrbz0iLCJkaXNwbGF5X25hbWUiOiIiLCJvbXMiOiJLMSIsImhzbV9rZXkiOiJiZWY0NzVhZGI0ZDM5OWE3ODk3ODAzNGI1ZDYwMzIxMTQ5ZjdlOTU5Y2Y2ZTkyMzA2ZmUzMjI1OSIsImlzRGRwaUVuYWJsZWQiOiJZIiwiaXNNdGZFbmFibGVkIjoiWSIsImZ5X2lkIjoiRkFINTI3MzQiLCJhcHBUeXBlIjoxMDAsImV4cCI6MTc4NDA3NTQwMCwiaWF0IjoxNzgyODA3OTA4LCJpc3MiOiJhcGkuZnllcnMuaW4iLCJuYmYiOjE3ODI4MDc5MDgsInN1YiI6InJlZnJlc2hfdG9rZW4ifQ.729HHkJCe5XffsOUqKY-S1ZLHzGBy4kBj-3d8lFSXi8', 's': 'ok'}
2026-06-30 13:55:09,212  INFO      Access token obtained via Fyers API ✓
2026-06-30 13:55:09,213  INFO      refresh_token saved to .env.
2026-06-30 13:55:09,213  INFO      Token length=661  prefix=eyJhbGciOiJI…
2026-06-30 13:55:09,224  INFO      Token encrypted OK (ciphertext len=972).
2026-06-30 13:55:09,227  INFO      Found existing row: id=1  name='Shreyas S S'  broker='fyers'
2026-06-30 13:55:09,228  INFO      Token currently in DB: prefix=eyJhbGciOiJI…  len=661
2026-06-30 13:55:09,231  INFO      Found existing row: id=1  name='Shreyas S S'  broker='fyers'
2026-06-30 13:55:09,236  INFO      Updated auth row id=1 (broker set to fyers, is_revoked reset to 0).
2026-06-30 13:55:09,244  INFO      Found existing row: id=1  name='Shreyas S S'  broker='fyers'
2026-06-30 13:55:09,245  INFO      ✓ Verification passed.
2026-06-30 13:55:09,246  INFO      Found existing row: id=1  name='Shreyas S S'  broker='fyers'
2026-06-30 13:55:09,247  INFO      ✓ Round-trip decrypt OK — token is readable by OpenAlgo.
2026-06-30 13:55:13,383  INFO      Cache sentinel written. Restart OpenAlgo for the new token to take effect.
2026-06-30 13:55:13,383  INFO      ═══════════════════════════════════════════════════════
2026-06-30 13:55:13,384  INFO      Token updated successfully at 2026-06-30 13:55:13
2026-06-30 13:55:13,384  INFO      ═══════════════════════════════════════════════════════
2026-07-03 02:11:03,131  INFO      ================================================================================
2026-07-03 02:11:03,150  INFO      Fyers token updater  |  user=Shreyas S S  broker=fyers
2026-07-03 02:11:03,150  INFO      Platform root detected at: E:\Downloads\AI Codes\openalgo
2026-07-03 02:11:03,151  INFO      Script dir  : E:\Downloads\AI Codes\openalgo\strategies\SS_Projects\fyers_token\token_script
2026-07-03 02:11:03,151  INFO      Project root: E:\Downloads\AI Codes\openalgo\strategies\SS_Projects\fyers_token\token_script
2026-07-03 02:11:03,151  INFO      Platform root: E:\Downloads\AI Codes\openalgo
2026-07-03 02:11:03,152  INFO      Log file    : E:\Downloads\AI Codes\openalgo\strategies\SS_Projects\fyers_token\token_script\logs\fyers_token_update.log
2026-07-03 02:11:03,152  INFO      ================================================================================
2026-07-03 02:11:03,158  INFO      Loaded .env from E:\Downloads\AI Codes\openalgo\strategies\SS_Projects\fyers_token\token_script\.env
2026-07-03 02:11:03,406  INFO      Fernet key derived OK (PBKDF2: API_KEY_PEPPER + FERNET_SALT).
2026-07-03 02:11:03,420  INFO      Opening database: E:\Downloads\AI Codes\openalgo\db\openalgo.db
2026-07-03 02:11:03,596  ERROR     FYERS_ACCESS_TOKEN env var is empty.
2026-07-03 02:27:16,130  INFO      ================================================================================
2026-07-03 02:27:16,130  INFO      Fyers token updater  |  user=Shreyas S S  broker=fyers
2026-07-03 02:27:16,131  INFO      Platform root detected at: E:\Downloads\AI Codes\openalgo
2026-07-03 02:27:16,131  INFO      Script dir  : E:\Downloads\AI Codes\openalgo\strategies\SS_Projects\fyers_token\token_script
2026-07-03 02:27:16,132  INFO      Project root: E:\Downloads\AI Codes\openalgo\strategies\SS_Projects\fyers_token\token_script
2026-07-03 02:27:16,132  INFO      Platform root: E:\Downloads\AI Codes\openalgo
2026-07-03 02:27:16,132  INFO      Log file    : E:\Downloads\AI Codes\openalgo\strategies\SS_Projects\fyers_token\token_script\logs\fyers_token_update.log
2026-07-03 02:27:16,132  INFO      ================================================================================
2026-07-03 02:27:16,144  INFO      Loaded .env from E:\Downloads\AI Codes\openalgo\strategies\SS_Projects\fyers_token\token_script\.env
2026-07-03 02:27:16,303  INFO      Fernet key derived OK (PBKDF2: API_KEY_PEPPER + FERNET_SALT).
2026-07-03 02:27:16,304  INFO      Opening database: E:\Downloads\AI Codes\openalgo\db\openalgo.db
2026-07-03 02:27:16,307  INFO      Token sourced from FYERS_ACCESS_TOKEN env var.
2026-07-03 02:27:16,308  INFO      Token length=661  prefix=eyJhbGciOiJI…
2026-07-03 02:27:16,451  INFO      Token encrypted OK (ciphertext len=972).
2026-07-03 02:27:16,456  INFO      Found existing row: id=1  name='Shreyas S S'  broker='fyers'
2026-07-03 02:27:16,486  INFO      Token currently in DB: prefix=eyJhbGciOiJI…  len=661
2026-07-03 02:27:16,490  INFO      Found existing row: id=1  name='Shreyas S S'  broker='fyers'
2026-07-03 02:27:16,800  INFO      Updated auth row id=1 (broker set to fyers, is_revoked reset to 0).
2026-07-03 02:27:16,804  INFO      Found existing row: id=1  name='Shreyas S S'  broker='fyers'
2026-07-03 02:27:16,806  INFO      ✓ Verification passed.
2026-07-03 02:27:16,809  INFO      Found existing row: id=1  name='Shreyas S S'  broker='fyers'
2026-07-03 02:27:16,811  INFO      ✓ Round-trip decrypt OK — token is readable by OpenAlgo.
2026-07-03 02:27:20,827  INFO      Cache sentinel written. Restart OpenAlgo for the new token to take effect.
2026-07-03 02:27:20,827  INFO      ═══════════════════════════════════════════════════════
2026-07-03 02:27:20,827  INFO      Token updated successfully at 2026-07-03 02:27:20
2026-07-03 02:27:20,828  INFO      ═══════════════════════════════════════════════════════
2026-07-03 07:29:40,925  INFO      ================================================================================
2026-07-03 07:29:40,926  INFO      Fyers token updater  |  user=Shreyas S S  broker=fyers
2026-07-03 07:29:40,926  INFO      Platform root detected at: E:\Downloads\AI Codes\openalgo
2026-07-03 07:29:40,927  INFO      Script dir  : E:\Downloads\AI Codes\openalgo\strategies\SS_Projects\fyers_token\token_script
2026-07-03 07:29:40,927  INFO      Project root: E:\Downloads\AI Codes\openalgo\strategies\SS_Projects\fyers_token\token_script
2026-07-03 07:29:40,927  INFO      Platform root: E:\Downloads\AI Codes\openalgo
2026-07-03 07:29:40,927  INFO      Log file    : E:\Downloads\AI Codes\openalgo\strategies\SS_Projects\fyers_token\token_script\logs\fyers_token_update.log
2026-07-03 07:29:40,928  INFO      ================================================================================
2026-07-03 07:29:40,937  INFO      Loaded .env from E:\Downloads\AI Codes\openalgo\strategies\SS_Projects\fyers_token\token_script\.env
2026-07-03 07:29:41,112  INFO      Fernet key derived OK (PBKDF2: API_KEY_PEPPER + FERNET_SALT).
2026-07-03 07:29:41,113  INFO      Opening database: E:\Downloads\AI Codes\openalgo\db\openalgo.db
2026-07-03 07:29:41,120  INFO      Token sourced from FYERS_ACCESS_TOKEN env var.
2026-07-03 07:29:41,120  INFO      Token length=661  prefix=eyJhbGciOiJI…
2026-07-03 07:29:41,123  INFO      Token encrypted OK (ciphertext len=972).
2026-07-03 07:29:41,127  INFO      Found existing row: id=1  name='Shreyas S S'  broker='fyers'
2026-07-03 07:29:41,131  INFO      Token currently in DB: prefix=eyJhbGciOiJI…  len=661
2026-07-03 07:29:41,137  INFO      Found existing row: id=1  name='Shreyas S S'  broker='fyers'
2026-07-03 07:29:41,253  INFO      Updated auth row id=1 (broker set to fyers, is_revoked reset to 0).
2026-07-03 07:29:41,259  INFO      Found existing row: id=1  name='Shreyas S S'  broker='fyers'
2026-07-03 07:29:41,261  INFO      ✓ Verification passed.
2026-07-03 07:29:41,265  INFO      Found existing row: id=1  name='Shreyas S S'  broker='fyers'
2026-07-03 07:29:41,267  INFO      ✓ Round-trip decrypt OK — token is readable by OpenAlgo.
2026-07-03 07:29:45,294  INFO      Cache sentinel written. Restart OpenAlgo for the new token to take effect.
2026-07-03 07:29:45,294  INFO      ═══════════════════════════════════════════════════════
2026-07-03 07:29:45,294  INFO      Token updated successfully at 2026-07-03 07:29:45
2026-07-03 07:29:45,295  INFO      ═══════════════════════════════════════════════════════
2026-07-03 10:57:34,088  INFO      ================================================================================
2026-07-03 10:57:34,089  INFO      Fyers token updater  |  user=Shreyas S S  broker=fyers
2026-07-03 10:57:34,089  INFO      Platform root detected at: C:\Users\admin\Downloads\ai tools\openalgo_platform\openalgo
2026-07-03 10:57:34,089  INFO      Script dir  : C:\Users\admin\Downloads\ai tools\openalgo_platform\openalgo\strategies\SS_Projects\fyers_token\token_script
2026-07-03 10:57:34,089  INFO      Project root: C:\Users\admin\Downloads\ai tools\openalgo_platform\openalgo\strategies\SS_Projects\fyers_token\token_script
2026-07-03 10:57:34,089  INFO      Platform root: C:\Users\admin\Downloads\ai tools\openalgo_platform\openalgo
2026-07-03 10:57:34,089  INFO      Log file    : C:\Users\admin\Downloads\ai tools\openalgo_platform\openalgo\strategies\SS_Projects\fyers_token\token_script\logs\fyers_token_update.log
2026-07-03 10:57:34,089  INFO      ================================================================================
2026-07-03 10:57:34,098  INFO      Loaded .env from C:\Users\admin\Downloads\ai tools\openalgo_platform\openalgo\strategies\SS_Projects\fyers_token\token_script\.env
2026-07-03 10:57:34,114  INFO      Fernet key derived OK (PBKDF2: API_KEY_PEPPER + FERNET_SALT).
2026-07-03 10:57:34,116  INFO      Opening database: C:\Users\admin\Downloads\ai tools\openalgo_platform\openalgo\db\openalgo.db
2026-07-03 10:57:34,143  INFO      Token sourced from FYERS_ACCESS_TOKEN env var.
2026-07-03 10:57:34,143  INFO      Token length=661  prefix=eyJhbGciOiJI…
2026-07-03 10:57:34,143  INFO      Token encrypted OK (ciphertext len=972).
2026-07-03 10:57:34,145  INFO      Found existing row: id=1  name='Shreyas S S'  broker='fyers'
2026-07-03 10:57:34,146  INFO      Token currently in DB: prefix=eyJhbGciOiJI…  len=661
2026-07-03 10:57:34,148  INFO      Found existing row: id=1  name='Shreyas S S'  broker='fyers'
2026-07-03 10:57:34,151  INFO      Updated auth row id=1 (broker set to fyers, is_revoked reset to 0).
2026-07-03 10:57:34,157  INFO      Found existing row: id=1  name='Shreyas S S'  broker='fyers'
2026-07-03 10:57:34,158  INFO      ✓ Verification passed.
2026-07-03 10:57:34,159  INFO      Found existing row: id=1  name='Shreyas S S'  broker='fyers'
2026-07-03 10:57:34,160  INFO      ✓ Round-trip decrypt OK — token is readable by OpenAlgo.
2026-07-03 10:57:38,282  INFO      Cache sentinel written. Restart OpenAlgo for the new token to take effect.
2026-07-03 10:57:38,282  INFO      ═══════════════════════════════════════════════════════
2026-07-03 10:57:38,283  INFO      Token updated successfully at 2026-07-03 10:57:38
2026-07-03 10:57:38,283  INFO      ═══════════════════════════════════════════════════════
2026-07-04 09:47:09,828  INFO      ================================================================================
2026-07-04 09:47:09,829  INFO      Fyers token updater  |  user=Shreyas S S  broker=fyers
2026-07-04 09:47:09,829  INFO      Platform root detected at: C:\Users\admin\Downloads\ai tools\openalgo_platform\openalgo
2026-07-04 09:47:09,829  INFO      Script dir  : C:\Users\admin\Downloads\ai tools\openalgo_platform\openalgo\strategies\SS_Projects\fyers_token\token_script
2026-07-04 09:47:09,829  INFO      Project root: C:\Users\admin\Downloads\ai tools\openalgo_platform\openalgo\strategies\SS_Projects\fyers_token\token_script
2026-07-04 09:47:09,829  INFO      Platform root: C:\Users\admin\Downloads\ai tools\openalgo_platform\openalgo
2026-07-04 09:47:09,829  INFO      Log file    : C:\Users\admin\Downloads\ai tools\openalgo_platform\openalgo\strategies\SS_Projects\fyers_token\token_script\logs\fyers_token_update.log
2026-07-04 09:47:09,829  INFO      ================================================================================
2026-07-04 09:47:09,838  INFO      Loaded .env from C:\Users\admin\Downloads\ai tools\openalgo_platform\openalgo\strategies\SS_Projects\fyers_token\token_script\.env
2026-07-04 09:47:09,854  INFO      Fernet key derived OK (PBKDF2: API_KEY_PEPPER + FERNET_SALT).
2026-07-04 09:47:09,855  INFO      Opening database: C:\Users\admin\Downloads\ai tools\openalgo_platform\openalgo\db\openalgo.db
2026-07-04 09:47:09,871  INFO      Token sourced from FYERS_ACCESS_TOKEN env var.
2026-07-04 09:47:09,871  INFO      Token length=661  prefix=eyJhbGciOiJI…
2026-07-04 09:47:09,872  INFO      Token encrypted OK (ciphertext len=972).
2026-07-04 09:47:09,874  INFO      Found existing row: id=1  name='Shreyas S S'  broker=''
2026-07-04 09:47:09,874  INFO      No existing auth row found — will insert.
2026-07-04 09:47:09,876  INFO      Found existing row: id=1  name='Shreyas S S'  broker=''
2026-07-04 09:47:09,878  INFO      Updated auth row id=1 (broker set to fyers, is_revoked reset to 0).
2026-07-04 09:47:09,886  INFO      Found existing row: id=1  name='Shreyas S S'  broker='fyers'
2026-07-04 09:47:09,887  INFO      ✓ Verification passed.
2026-07-04 09:47:09,888  INFO      Found existing row: id=1  name='Shreyas S S'  broker='fyers'
2026-07-04 09:47:09,889  INFO      ✓ Round-trip decrypt OK — token is readable by OpenAlgo.
2026-07-04 09:47:13,988  INFO      Cache sentinel written. Restart OpenAlgo for the new token to take effect.
2026-07-04 09:47:13,989  INFO      ═══════════════════════════════════════════════════════
2026-07-04 09:47:13,989  INFO      Token updated successfully at 2026-07-04 09:47:13
2026-07-04 09:47:13,989  INFO      ═══════════════════════════════════════════════════════
2026-07-06 10:21:00,707  INFO      ================================================================================
2026-07-06 10:21:00,707  INFO      Fyers token updater  |  user=Shreyas S S  broker=fyers
2026-07-06 10:21:00,707  INFO      Platform root detected at: C:\Users\admin\Downloads\ai tools\openalgo_platform\openalgo
2026-07-06 10:21:00,708  INFO      Script dir  : C:\Users\admin\Downloads\ai tools\openalgo_platform\openalgo\strategies\SS_Projects\fyers_token\token_script
2026-07-06 10:21:00,708  INFO      Project root: C:\Users\admin\Downloads\ai tools\openalgo_platform\openalgo\strategies\SS_Projects\fyers_token\token_script
2026-07-06 10:21:00,708  INFO      Platform root: C:\Users\admin\Downloads\ai tools\openalgo_platform\openalgo
2026-07-06 10:21:00,708  INFO      Log file    : C:\Users\admin\Downloads\ai tools\openalgo_platform\openalgo\strategies\SS_Projects\fyers_token\token_script\logs\fyers_token_update.log
2026-07-06 10:21:00,708  INFO      ================================================================================
2026-07-06 10:21:00,717  INFO      Loaded .env from C:\Users\admin\Downloads\ai tools\openalgo_platform\openalgo\strategies\SS_Projects\fyers_token\token_script\.env
2026-07-06 10:21:00,734  INFO      Fernet key derived OK (PBKDF2: API_KEY_PEPPER + FERNET_SALT).
2026-07-06 10:21:00,735  INFO      Opening database: C:\Users\admin\Downloads\ai tools\openalgo_platform\openalgo\db\openalgo.db
2026-07-06 10:21:00,756  INFO      Token sourced from FYERS_ACCESS_TOKEN env var.
2026-07-06 10:21:00,756  INFO      Token length=661  prefix=eyJhbGciOiJI…
2026-07-06 10:21:00,756  INFO      Token encrypted OK (ciphertext len=972).
2026-07-06 10:21:00,758  INFO      Found existing row: id=1  name='Shreyas S S'  broker='fyers'
2026-07-06 10:21:00,759  INFO      Token currently in DB: prefix=eyJhbGciOiJI…  len=661
2026-07-06 10:21:00,761  INFO      Found existing row: id=1  name='Shreyas S S'  broker='fyers'
2026-07-06 10:21:00,764  INFO      Updated auth row id=1 (broker set to fyers, is_revoked reset to 0).
2026-07-06 10:21:00,772  INFO      Found existing row: id=1  name='Shreyas S S'  broker='fyers'
2026-07-06 10:21:00,773  INFO      ✓ Verification passed.
2026-07-06 10:21:00,775  INFO      Found existing row: id=1  name='Shreyas S S'  broker='fyers'
2026-07-06 10:21:00,775  INFO      ✓ Round-trip decrypt OK — token is readable by OpenAlgo.
2026-07-06 10:21:04,890  INFO      Cache sentinel written. Restart OpenAlgo for the new token to take effect.
2026-07-06 10:21:04,890  INFO      ═══════════════════════════════════════════════════════
2026-07-06 10:21:04,891  INFO      Token updated successfully at 2026-07-06 10:21:04
2026-07-06 10:21:04,891  INFO      ═══════════════════════════════════════════════════════
